youtube KGx-DRlZmXA
youtube YXiwVM4_GT0
youtube AndsEyzwcpA
youtube sEZwXsUnosQ
youtube 3c-QrOVtbLA
youtube robZMMRr1VI
youtube -GgirAFhZSU
youtube 09piJahjNWc
youtube kaWsrs0Jn3o
youtube UfNJChKnC6M
youtube 08dkT0SbSxA
youtube _80UOPTIgfs
youtube 3xsSjE8Jd-s
youtube cSBmP4eTUHI
youtube Uvt2q4KSr5Q
youtube SvcfFLPh-lE
youtube BJQ7_iAYMf8
youtube SU5Qu7a2JU4
youtube wiTavxBf0ng
youtube KYJQDfy6bfg
youtube pZ0Cely4Qjc
youtube cJhnbNnWXsw
youtube Fx-OFDXSwQc
youtube nqyTXVJICIk
youtube 5L4LX5XZd5s
youtube C7Adbj-oYQw
youtube Reno9FOZzWA
youtube 0JycF8jZZpQ
youtube D767y31HWpU
youtube dtVQkUZWYtI
youtube yLvByOh2iLo
youtube Qy3buGJhNxI
youtube qtk_hpGQd3Y
youtube K6sTC3kcSts
youtube zsLxtd2KR7c
youtube mSOlHJ8YiCk
youtube 6Aj6-OepMJs
youtube nbT9XeM3ox0
youtube Of9pfQOc668
youtube eb38fR1oZpo
youtube Cc2xHxdfB8Q
youtube pUOmx2UaeCk
youtube S2w2X2zUG4A
youtube SpbDwr7HZdw
youtube 7FPk0KS3VdM
youtube kCv5OnaqHNo
youtube gQIpm3pa8AI
youtube vZChrmGx94A
youtube uMkyLdfOmHM
youtube -emL5Wj42p8
youtube cb80gqBcmb8
youtube 6Eb3JNOyZYE
youtube BACnvj5jAh0
youtube Riw5w8yc-_Q
youtube 4J4sVOs7n5s
youtube ei_EDyICbHo
youtube a0vRE-g7XEU
youtube 9-lKa-xGtQk
youtube sQVeK7Dt18U
youtube 7oZ7Zi1KA-k
youtube PZGMbO6kgbU
youtube 4SXEuf3-zRw
youtube FOaCAjkZkos
youtube u1hhc9i6-T4
youtube sFDumzQXG3Q
youtube Om_xzPbwaVk
youtube 0l427RLdzwQ
youtube zqWDoGXJ9tM
youtube dQqETvqdgeA
youtube LQ_H6vW_QF8
youtube D7Nx4fG31-w
youtube 7vK7r41NVTo
youtube 1nCet1Unwgw
youtube cV7nm5T_ch4
youtube Zh7YdgELslA
youtube Ad8I04B8gVo
youtube 35q7mxtiEjI
youtube nIq6nIGDAB0
youtube xsHgpij5cQ0
youtube -73nvxBw5k4
youtube 7F6T1Kzpcf4
youtube JvBgcS-7JKU
youtube eOb3NHErHEk
youtube HLGIQvvR-7M
youtube bZ3ju9Zx-so
youtube zk5NPNqq4po
youtube 00nhKi46o5g
youtube t3-dfNwBIbI
youtube YgDAUIjXDqI
youtube __J_AWUsnSM
youtube ZC-jQJCvSao
youtube LxO8TD5hwFc
youtube Fx9rYM8KdiI
youtube agKCi-5cj1c
youtube fgceyc6eEkM
youtube MkAKcqP-9D0
youtube 1V9WOxtNBOM
youtube H_f1sANBMgg
youtube K7ejgGEdaHA
youtube ux4WJfbU7vw
youtube zD9sjkEG3Fw
youtube J_DA-L3_uzM
youtube PdoHfrWwt_w
youtube 45WdCpZ0Szo
youtube HO5SBK4FKWQ
youtube FEoBjH6_ScU
youtube g-PCm3iy98Q
youtube -3cWO7VXGyc
youtube VxLf56SaSh8
youtube 2q1gP-GIxgc
youtube GLlweYpjhxk
youtube 3sONSUu16bM
youtube 3C_j4P0i2FI
youtube z8tgc9xahJU
youtube vjGqaJD7XhY
youtube oVC_IEcui6I
youtube pTaWzTc6k7A
youtube 01Q1QdIwvk4
youtube y42vB9S9SKQ
youtube YUSkNAs4IG8
youtube 1FeT6sRDk38
youtube BBjFIIq94is
youtube mVdtSrOJPi8
youtube yCLeDkjrDpE
youtube gvvKEpJ-qCw
youtube E7gnzbQSUtY
youtube RdRKijuyAjM
youtube PyfLEvPSgUM
youtube G7dw2KthaEk
youtube iuGjxIrHiIw
youtube TsNQ2quSjVc
youtube UNFrwGOjZUw
youtube R2z7T70q7ak
youtube -mt2wc_pq6M
youtube meJ7R-Smx2E
youtube kGlQgSNDq3U
youtube MNAdcJkISuQ
youtube cpianBYgdwc
youtube fCVWuGSxp3k
youtube eHg1O-pXsNk
youtube ncXLapHm1OA
youtube tlC0fODecvI
youtube 36mROccR7DI
youtube k-t3ZTIeKXM
youtube 5r_5WGd6ycM
youtube 0hWpPllyqZA
youtube 7XY0rJqGM1Q
youtube LPVjOvaPH9A
youtube qNV1Zf70gXI
youtube 7n-NlLlkEjY
youtube FGJ8ZmMJvV4
youtube rJURK3R7cXI
youtube SA13_NSM8cQ
youtube B9-WOjpABYI
youtube 0wrkpXIhcsU
youtube yi8yWk-o3OU
youtube G8KnN_SlFZg
youtube F01gwgn6FcA
youtube O4PaGq-krLc
youtube BOPm8Qj0znU
youtube S7tjjeLXvYo
youtube Ph5M0LnkHr4
youtube hk64q0BwITk
youtube IH_jputPgHo
youtube vzkPLYIr8Tk
youtube y_q196e-Yn4
youtube mNFrhZcSD2w
youtube lj04DnyxVns
youtube vZCMHio9kcA
youtube 5jSyFv9XYkI
youtube 6JPaSZmfAWc
youtube 2SShhE-8zO0
youtube p_A2IHUAZl4
youtube e8j3Gp83G3E
youtube dmtC8l1jPa4
youtube Ci_AofTROis
youtube WbYO4J2TSZI
youtube chaFTyBbe38
youtube F-jKt0mkJgI
youtube nsse7A-dgyk
youtube w2m7EIZHCr4
youtube cEsLdizeG1k
youtube syLHUBS8H18
youtube 501DGuG5Uzg
youtube imvyow2efB8
youtube DLBxRFiZoyk
youtube HzsWrhlWzp8
youtube 4AlyekxFU1k
youtube uFk9ebxSaRI
youtube xTxI_ehaVgE
youtube 3gGmEXQBG3k
youtube HYETw2J_u1w
youtube tvoGb76yUEk
youtube dmDk6YPGV0o
youtube BYjdrm-FMx0
youtube iezwM5wys70
youtube wKAh70gNdzg
youtube 9OzmlCmTvc4
youtube zrTFPsmwpM8
youtube 27sfCkGjuqI
youtube yAnUYbV-8vw
youtube 1ALUr2nmpMo
youtube 5Gjve468Jds
youtube qQ6nHKOgiY4
youtube yXByhzzLyOk
youtube YcaFF4tlSxk
youtube wfvWCwICnPc
youtube ovYadmKZWhw
youtube DcxbaMCHuIY
youtube k_uqMACo-cY
youtube lGXOUdqU6nI
youtube lTewR-XvHc8
youtube wEZ2zDdlvLk
youtube zK1V5BGngcg
youtube e5i4NzLPIh0
youtube w8_FCjcnymw
youtube Q0zDCvjlge0
youtube ZMDlMjWzFX4
youtube JRLFr6THaTI
youtube Z_l3bCuHsek
youtube eszMmsadQF8
youtube R2QZo6D_JHU
youtube QOV-Awdxv4Y
youtube 0Wx4A5kQCKQ
youtube GxK5URkNW8w
youtube 23aqkYQ-wMA
youtube 4_a1ywTRKsU
youtube WTTIx7z6TxA
youtube dzXmpCPN0RA
youtube yupsbrI9cic
youtube mTNk6DxZpUs
youtube 2AEEZowkfbs
youtube JbSpmy0IjY0
youtube XoYm4K6Ck88
youtube TwLWCLY0Xjs
youtube cTYmP0knETQ
youtube YFbzDZ3NnUw
youtube 2n8OXw-f8zM
youtube KOsqSIWv96k
youtube aZrfEc0JfEw
youtube Z-gBxqRQJDM
youtube pRa2FK8RSz4
youtube f_Wmp5D-u-U
youtube 8cS4vrwS42k
youtube yhdE_Um1MJE
youtube sFh5IXwfu54
youtube U28LDFN_nUg
youtube LTyE1IDQBHw
youtube -T8MtaQQ0PY
youtube hjm2V-QKFZk
youtube BrV1Z84K234
youtube BFFt_5lzpWI
youtube aAjsKthfHXY
youtube YfMY9qf77a8
youtube zl2eDCHycb4
youtube 1myVmc3mNtU
youtube s-UfdT2zOgA
youtube PsTC84NtWs8
youtube ntbBTfs1Z4s
youtube 8n4owu6wcdc
youtube YcnvGKGLQjU
youtube CYp_w5vB5ZY
youtube 4QFvqu9x_mk
youtube iM0NCLzUYCo
youtube 7G5fqO5j6y8
youtube idGYGzb8HPw
youtube L1FJGo3s7zQ
youtube 0KWA4mp2RGg
youtube FzsoeQgolUM
youtube mD4f4gKjhzo
youtube 0RXdd0pCJ9Q
youtube kb-3zKF_Y34
youtube 0ZX-7BoQxiY
youtube He_EMqC5pD4
youtube 57szNpmJeQs
youtube mVgWmKKlk_g
youtube rG7FXPAlxy8
youtube tLOScPg70Cg
youtube Ww04Yhdxo8M
youtube wG1mS5yD_h0
youtube lJIh-E7G2Xc
youtube tY-d6lrzNWI
youtube joGBlGJsOp4
youtube EWCM94NcBrQ
youtube 7ttXDzGCSP4
youtube 0Wa1nNVU-3k
youtube oi83PoClNMk
youtube PZ7j2sPdVzE
youtube 7yFCYK22cow
youtube YAZXP6JKNU4
youtube XAd0A6OH_hM
youtube QE33ftRBees
youtube 6hxsSsZbDCY
youtube 2gf0OTg9KLU
youtube gAx2hFx755g
youtube ikANGB4UHc8
youtube 7sF0We8rbSw
youtube f013wUqLnJE
youtube NGwvKGZCLYs
youtube ZdbpXjCeL8M
youtube V48rLwhvQSI
youtube ZKD9MrcIi_w
youtube Nmlq0GVs-HU
youtube z8MRtAzSn5Q
youtube vGUnntw752U
youtube YVKiv-S7xdY
youtube op1O7Pxei_I
youtube 8XQgpyMf9UM
youtube jNvkeFBC8F4
youtube w4I84F2wl14
youtube 9jTP3HUJr1k
youtube mosce60nLfQ
youtube Gl3R5KGzzl0
youtube Ovj_xuIJoIE
youtube gmBNqwIZe5w
youtube 2L6_riU92yU
youtube MKk9YjlPSpE
youtube LObizQFIciQ
youtube O9KWzWdVOI4
youtube 4_1Yd01wiAg
youtube B8KSL7YxBqQ
youtube xK7gB0Lpp-s
youtube zvE04BOX_gs
youtube EIv4_pFqS80
youtube _XxkzS01-cs
youtube c9au2UOdVzg
youtube 9DwVe8F7fOM
youtube kU3Y0sQ6B4s
youtube qbTFN1Qmrvs
youtube gPk7oIG_X_s
youtube xMHVw-7rjfM
youtube RuUXjhhMgeo
youtube EVOO_tRrniY
youtube aSLg85wfhNY
youtube ie_OGO5e22w
youtube Li-ebK53j4M
youtube Ed8m9j4VAsE
youtube BriDDApxORY
youtube _wVyRtRkDnQ
youtube cdd4jkmDv2M
youtube bIqz4wXW9jc
youtube -b0vklN2HvE
youtube XoNxbVj6UCE
youtube 3qjsO5Cs1Wo
youtube iftsflRZEos
youtube zK4gHqCUOj4
youtube _N97_TH0BMU
youtube 84fikh6gMFs
youtube yhOQbbBClw4
youtube -QmXPMDDKvY
youtube lLuSqJH4gQc
youtube gOt4iFvQNN0
youtube NIwvojccaSo
youtube ctVGVsHBCAY
youtube DAzvoq8GZq4
youtube PEGa4XKI-cM
youtube T2YQuhoiAQw
youtube IiazrF4Bevo
youtube T_enrpnWZyA
youtube 8is-jNMGask
youtube g2M0U1U4elQ
youtube 2x8fRvpdT6s
youtube w6u7tJqEa34
youtube 3proFxZGy10
youtube gOpAr0UiT6Q
youtube oELrBolP5mM
youtube HJMP1hZz49A
youtube PjCVcVw8f1Y
youtube 7QX-TGoA0Yc
youtube BfkqIIQ4-d0
youtube d7knnYHS8L0
youtube hATwO_cJPd8
youtube NQVZZ8Px25Q
youtube VoaOzWdErxw
youtube 5La3apaJ31o
youtube K19dwLfheLk
youtube sfNjVHWqJdM
youtube uJkL1-s3PL8
youtube vO3ukz_oDck
youtube xZea0S2zLSk
youtube 7z25ZZ3DHds
youtube pFUzYspd6Vs
youtube 4I7emTbveUU
youtube byFmz_YsvCY
youtube IO-drcfYy-E
youtube VKacbq-KG6g
youtube ETercsKSvA8
youtube JDa6BapkK9Y
youtube I1xneKsFArY
youtube MXK-MAQSFVk
youtube v5O9xLEtLcA
youtube 0jv5fRR7754
youtube RSQa4beLPkc
youtube 3eNCSxMYSrs
youtube 50EPWFFg4v0
youtube Z3-mh2cvnx0
youtube XcZ4qQ-MD1I
youtube -3TJK_Rcifk
youtube 9jedO9czY0E
youtube fhVyrU1WNDY
youtube YidIO1SlLn8
youtube _yFsDGy0rds
youtube QHAM_yH_Www
youtube w7V-h1JVoMA
youtube ZVvmTWQQkV4
youtube LuPjk3n0jHU
youtube VDZMYkOcwAY
youtube NGEAdmMRJoM
youtube 6W7GSc2gVhk
youtube Yah3VaT9mf4
youtube VIl48_pRkcU
youtube 5LcZ-g1p7q0
youtube 0Ca2j-MB-pw
youtube EWz4SCjk1HE
youtube aUURI3SuWP0
youtube dhiI_NsC0-s
youtube MVbfEUklz-E
youtube _GI9XKuJzd8
youtube jiIr9Envk7g
youtube KkYu_U_36Hk
youtube ANUXTcsKIis
youtube blGJsDbZy88
youtube TNZ7W5pJ9QM
youtube D8ST46-ljUo
youtube K1Z_eOpgQg0
youtube XlYSprF5V2c
youtube _7r0vivwWL0
youtube kCH94dgtAbw
youtube mbWOIqlrqFU
youtube y3Ko9pP6XAY
youtube 3CA1TrqQQnY
youtube YtpRSzIbCRw
youtube 8GPexIT9FiA
youtube K-JTAfOuBiI
youtube sP8YOzk0dX4
youtube zaOLeps0Ap8
youtube oPCeiQOybWA
youtube kKWX3C_odcc
youtube kyhrAcbamRI
youtube 04DYGVoKuL8
youtube kq0esXnc29k
youtube _FUzxuXBszQ
youtube L3KGeLCrZ-w
youtube ZwWPYMnLwnY
youtube bJzPczotknc
youtube C_HsOZS0tJU
youtube wdqVfVi0izM
youtube -OfxpFAvNcY
youtube to8uviu8cEQ
youtube PURcqHX5lys
youtube 6JVEytNdzio
youtube iagiORfsCiY
youtube aEf9p1X5Uxs
youtube qj-1nprw12E
youtube NreXofvQEUc
youtube 3ZTguQ6qBJg
youtube a3G8rvjrjdU
youtube YdgW_hevcJQ
youtube rNv8K8AYGi8
youtube tXkqXP3hoIY
youtube -nropEysQ50
youtube 7u6HlysDeQw
youtube woPDJxWyVZ4
youtube nEtQ6aFwHKw
youtube UEDglTzpTYM
youtube pL547lrS_bg
youtube Ue_zblrRfAk
youtube z8rLhYVqJ6Y
youtube ZpB8hMUzvXo
youtube VGJlu7nlikY
youtube sU0ov60tM_8
youtube 2Xhzf-CtZc4
youtube IEeN4_KqxuI
youtube nvUsU46vM08
youtube wWyocnGibQs
youtube R_N0lqMs8U8
youtube 3S7nDZS6vmE
youtube nss-D610Jr8
youtube HTJJupJeqDA
youtube qgjvmrLNeRc
youtube -ugKhz4w0eE
youtube O9AC0fLc2oY
youtube y3lYEn74qvE
youtube jjoos7UMfe4
youtube 8XxOO-V4hEU
youtube QHVdRYa9k2U
youtube VeGdDx56HWw
youtube heR3T8-AKP0
youtube dfI0tcKe4lc
youtube FQk8cXlu45g
youtube PSucieS-sqM
youtube Vyf8jtCrp3I
youtube j4mdmi0uVMw
youtube _fm89BMUwOE
youtube ZE8m61s5Lh0
youtube 9eoo-eUgTXU
youtube vN5vIdehQPE
youtube Rg3QvUnWoQY
youtube M0SkeaeXIeE
youtube moOGqPrrGyw
youtube 4RCZBSsmccE
youtube 5hltKwJIT0w
youtube Zn5d6M9awzs
youtube ELzEjU7saX8
youtube COsbSos7aTQ
youtube 89HHcAiurxE
youtube hM2cZ6wepfE
youtube yLKhq5ZoNHA
youtube pCbRMwaavXY
youtube QmgitJaND5k
youtube raf9TYbGCvk
youtube TMP7PJ5Fur4
youtube RWLzNLpbrJw
youtube nmFA4vFIFcg
youtube pbQV5SsvLxM
youtube c4kvNhrtmsM
youtube 5OMPWwu9n04
youtube Z6vyILjiKMs
youtube WbERBe_7wBA
youtube joN4yJcxZKY
youtube kIkJyDT8MRs
youtube 9JNsIqdu8Mw
youtube Ik4GLWmF2uQ
youtube UjBTXzWdXzU
youtube HsZJqvEDXnw
youtube 1Ezpwuv18Fc
youtube 5oRjiFPDNI0
youtube E89B5VEp1pg
youtube Wz_OgmkbCXg
youtube ibaX_Aqi0w0
youtube _B-VFFYTNdE
youtube rsFDOGwkSv8
youtube q1H4GPyWU0k
youtube IOYWKyIIR-8
youtube bO_BjQ309HY
youtube 2F1V-V8B7t0
youtube fR5Yb3s_78M
youtube du12Bk7A3RE
youtube NA0k7vEz0aU
youtube wg9fum8W8pw
youtube yrmoNoLIOxg
youtube -_QeAINcvLc
youtube -EZScydRPP4
youtube DPbiP-TTg7E
youtube Jn0WaXge0m4
youtube PM4WuN71CBQ
youtube R2bgrTTrzNY
youtube XxChI6jjfto
youtube ojBy68xYyLc
youtube ZX62Gw74cS0
youtube OhPjmI44y2Y
youtube H60BA_JgwU0
youtube nMUDi_jGc7I
youtube lZRx9bLp1kY
youtube JjVdZhw_Scs
youtube OnuUu4jwRL4
youtube 1GHCYI78ewk
youtube NoSDuKQ6tec
youtube jcXSuJehMUg
youtube BDWFc8jhtSc
youtube IdqCmzjwtaQ
youtube 7fxXSfCFZqo
youtube ci8o9Za54Ms
youtube g9A2l7QfK1k
youtube b2jjv9bPWcE
youtube kgzysv3FnjU
youtube MfEVU6yNNbA
youtube gu_67c85mag
youtube 8A28jIVSqyA
youtube hYqDsI0w46w
youtube 0-iGwOVX1bE
youtube OjUrSZmBMYc
youtube uFruhzP2h5w
youtube qA2CRnzpS20
youtube CnIlWylnF88
youtube aFaWKJMAjf8
youtube STYE9teSg6w
youtube URWhYkO6lkc
youtube OwQJ62tHIZ0
youtube 0Wu_ZqRTEvg
youtube jjHTmc-A7HE
youtube 1pJxXq5lqQM
youtube OzHuMNJS6fs
youtube JGdQeVIymRA
youtube Hz3DhgYmpXw
youtube IOZbjNfpnFE
youtube ywezUIbT0vo
youtube LBupGPGoznU
youtube JiT2QIzN7Jo
youtube 23iDwa7KM-8
youtube P8KZRYdV6Vc
youtube TjR3NmhdeXc
youtube 4sPTv66bxvw
youtube ClB27LH8mxg
youtube 4tyznKoqc9I
youtube KvO6pHfXP-A
youtube TYH-3XQpXNA
youtube HaokZ98g3RU
youtube fu18595_zTE
youtube 7zhTEuJvF0s
youtube ADNpt85JG5A
youtube K1qgr27aHkw
youtube Gr2cD1ONsWQ
youtube GAtXFFrj-_w
youtube uu_ySLKfMbw
youtube 44m5LfsQN1o
youtube Hj2TYCLsOuk
youtube JkOgGXZZO-k
youtube QWMM3lrDPEc
youtube -Yy1p2B_heY
youtube Uh7AmkQPmXw
youtube pUTmnLctakw
youtube -dyjKEbV6uM
youtube Y2HzHK6hOyU
youtube QWJG3fqYPHQ
youtube OH_Ge-i0nvg
youtube cXQrVzBd-c8
youtube dhYlD8A1epA
youtube witqbE-DtKs
youtube CYooTlAzyjk
youtube njxmi5jiY6w
youtube y-jfXLX1cv0
youtube 6Ymv89SRhtA
youtube rY1B3aJ5EgU
youtube m2zv4tTemNo
youtube magiFeakFxU
youtube r1skbNjVJro
youtube Qy1an3AU7ro
youtube _fs-c34rNwo
youtube Cc-vWktv80o
youtube DalNOpsYm7I
youtube ZfOXw4UBCvA
youtube K-tFJ9mGnlM
youtube xkHCymLmbyQ
youtube o7QArAhMZRw
youtube gDm7DSuGck0
youtube OeKkZqOMG5w
youtube 6MKA6HqykSo
youtube acV6bKxnzoo
youtube Edig8WpJsG8
youtube zXGh9WHrmbE
youtube vECcB7gaHYk
youtube H6DJlw0UhGE
youtube fvSe3ZmZRPs
youtube jpOaEt-XH5w
youtube 8GgqdqeX18o
youtube c8UTg3F1OMw
youtube 3TO99psxpjg
youtube wNd2KB0muHs
youtube jEpO5Kz0noU
youtube K1fIBuL02Hs
youtube Z6vQRvzrW_c
youtube yaAUvUu0RTc
youtube ifSNXLm5tow
youtube mLplFTEn40o
youtube IEeOkKF20uc
youtube zBEXPnX2ACw
youtube Omg9nBw15dE
youtube bPJKn9EK_vI
youtube 8T7yanY6s5E
youtube HRiSIDN5YKA
youtube cusvWPMTRmc
youtube 1MiZxhOI3C8
youtube 2YZlDxx1b28
youtube EVRgiV8_ySw
youtube yiPJjpxwexs
youtube di5YY36BSto
youtube 7s8S3mnRV5Q
youtube 3IoTLIEpJFQ
youtube R0sPK0d6VYk
youtube 7DFEagubDNU
youtube Qbc7F3d-0q4
youtube haikJ1XWz3U
youtube 2EeX1W7HtpU
youtube 3jsHPvjxR7A
youtube Re6qTGP32HE
youtube rBCvv9YSSZc
youtube oQZmtcwd38E
youtube CRfi3XGnvb4
youtube Ao2DayyG7E0
youtube Y3LT-_qPoNo
youtube cLLtM1Eb5jU
youtube QZbRjHMfFE8
youtube cuyAKkiEJ2c
youtube pSwEQ_sIG9E
youtube mfcpxnoFazU
youtube ORaEz8PDxWQ
youtube oEE3T7i_SiA
youtube Z1lKAebg0ok
youtube V-zqKoOQIe8
youtube plVmFCHRE7w
youtube KCny61AW6u4
youtube 1ZkzG2N2qd8
youtube oQ1xi_JtC0Q
youtube RBwgaXkRqaE
youtube F1C7ordCTtY
youtube 1Em5nH4pMaA
youtube 4iG1JkFChzE
youtube K1oWznP4im0
youtube -P_Tl62_X_M
youtube mul7ZKDcATY
youtube gxuflIekwH0
youtube ddoSoTvsbB4
youtube qM25-UPtHZc
youtube LMU_zSc5kzI
youtube UnfcoquzmJ4
youtube f1HYEuEaASc
youtube 24yKeM-4Ed4
youtube yp1GJhjh-PI
youtube ieR33rIQseo
youtube mTvXoIbJ-Xc
youtube G8FbeSmdMYE
youtube QUHKWVEIv6U
youtube ScXCBx_Rmro
youtube sYnF1CbPFmk
youtube RXOrL3PAD9g
youtube pZq7Ac-JRA0
youtube riauJmRJnG0
youtube AY84T7E-X8U
youtube QSL9_BO1YHY
youtube YIhqPrEszsI
youtube NSurDrm2mV8
youtube -VC-RY4ilJ8
youtube ZMjZUXXwUlY
youtube 4X0FI79x56g
youtube EAVyxbjiguc
youtube ud9wYEVRC6Q
youtube tpAtXAAprz0
youtube xKHOPbNvbrM
youtube EXWRVchZKq8
youtube Y9WtiqR-dGY
youtube wy4wjgIBEoA
youtube 6c5opzoSeTk
youtube cR7-pZinIg0
youtube lIxC2CD1c6c
